<html>
<body>
<pre>
<h1>礦ision Build Log</h1>
<h2>Tool Versions:</h2>
IDE-Version: μVision V5.14.0.0
Copyright (C) 2015 ARM Ltd and ARM Germany GmbH. All rights reserved.
License Information: yingcheng du, fc, LIC=50DX7-ESF80-C0RN2-9ZRLW-MV3YF-5Z1IT
 
Tool Versions:
Toolchain:       MDK-ARM Professional  Version: 5.14.0.0
Toolchain Path:  d:\Keil_v5\ARM\ARMCC\Bin
C Compiler:      Armcc.exe V5.05 update 1 (build 106)
Assembler:       Armasm.exe V5.05 update 1 (build 106)
Linker/Locator:  ArmLink.exe V5.05 update 1 (build 106)
Library Manager: ArmAr.exe V5.05 update 1 (build 106)
Hex Converter:   FromElf.exe V5.05 update 1 (build 106)
CPU DLL:         SARMCM3.DLL V5.14.0.0
Dialog DLL:      DCM.DLL V1.13.1.0
Target DLL:      UL2CM3.DLL V1.155.0.0
Dialog DLL:      TCM.DLL V1.14.4.0
 
<h2>Project:</h2>
F:\杜颖成\OneDrive\001_菜鸟团队\软件\WS2812驱动_F103_V2.1（正式版）\USER\WS2812驱动.uvprojx
Project File Date:  09/29/2016

<h2>Output:</h2>
Build target 'Target 1'
assembling startup_stm32f10x_hd.s...
compiling delay.c...
compiling sys.c...
compiling usart.c...
compiling main.c...
compiling WS2812.c...
compiling wdg.c...
compiling adc.c...
linking...
Program Size: Code=6892 RO-data=336 RW-data=12 ZI-data=1364  
FromELF: creating hex file...
"..\OBJ\Objects\WS2812驱动.axf" - 0 Error(s), 0 Warning(s).

<h2>Collection of Component include folders:</h2>
  F:\杜颖成\OneDrive\001_菜鸟团队\软件\WS2812驱动_F103_V2.1（正式版）\USER\RTE
  d:\Keil_v5\ARM\PACK\Keil\STM32F1xx_DFP\1.1.0\Device\Include

<h2>Collection of Component Files used:</h2>
</pre>
</body>
</html>
