<html>
<body>
<pre>
<h1>礦ision Build Log</h1>
<h2>Tool Versions:</h2>
IDE-Version: μVision V5.14.0.0
Copyright (C) 2015 ARM Ltd and ARM Germany GmbH. All rights reserved.
License Information: ze Administrator, ze, LIC=585FW-QUGRL-WF1I7-EDZRD-JUCX0-SX4NE
 
Tool Versions:
Toolchain:       MDK-ARM Standard  Version: 5.14.0.0
Toolchain Path:  C:\Keil_v5\ARM\ARMCC\Bin
C Compiler:      Armcc.exe V5.05 update 1 (build 106)
Assembler:       Armasm.exe V5.05 update 1 (build 106)
Linker/Locator:  ArmLink.exe V5.05 update 1 (build 106)
Library Manager: ArmAr.exe V5.05 update 1 (build 106)
Hex Converter:   FromElf.exe V5.05 update 1 (build 106)
CPU DLL:         SARMCM3.DLL V5.14.0.0
Dialog DLL:      DCM.DLL V1.13.1.0
Target DLL:      UL2CM3.DLL V1.155.0.0
Dialog DLL:      TCM.DLL V1.14.4.0
 
<h2>Project:</h2>
H:\GitHub\PianoLight\USER\钢琴灯光项目.uvprojx
Project File Date:  12/08/2020

<h2>Output:</h2>
Rebuild target 'Target 1'
assembling startup_stm32f10x_hd.s...
compiling delay.c...
compiling sys.c...
compiling usart.c...
compiling main.c...
compiling WS2812.c...
compiling wdg.c...
compiling adc.c...
compiling LT_Protocol.c...
..\HARDWARE\LT_Protocol\LT_Protocol.c(89): warning:  #1-D: last line of file ends without a newline
  }
..\HARDWARE\LT_Protocol\LT_Protocol.c: 1 warning, 0 errors
linking...
Program Size: Code=4408 RO-data=336 RW-data=12 ZI-data=1172  
FromELF: creating hex file...
"..\OBJ\Objects\WS2812驱动.axf" - 0 Error(s), 1 Warning(s).

<h2>Collection of Component include folders:</h2>
  H:\GitHub\PianoLight\USER\RTE
  C:\Keil_v5\ARM\PACK\Keil\STM32F1xx_DFP\2.1.0

<h2>Collection of Component Files used:</h2>
</pre>
</body>
</html>
